// Jest Snapshot v1, https://goo.gl/fbAQLP

exports[`Home view renders as expected 1`] = `
<div>
  <section
    className="content view-enter"
  >
    <div
      className="row"
      style={
        Object {
          "marginBottom": "5px",
        }
      }
    >
      <div
        className="col-md-3"
      >
        <div
          className="sm-st clearfix"
        >
          <span
            className="sm-st-icon st-red"
          >
            <i
              className="fa fa-check-square-o"
            />
          </span>
          <div
            className="sm-st-info"
          >
            <span>
              3200
            </span>
            <div>
              Total Tasks
            </div>
          </div>
        </div>
      </div>
      <div
        className="col-md-3"
      >
        <div
          className="sm-st clearfix"
        >
          <span
            className="sm-st-icon st-violet"
          >
            <i
              className="fa fa-envelope-o"
            />
          </span>
          <div
            className="sm-st-info"
          >
            <span>
              2200
            </span>
            <div>
              Total Messages
            </div>
          </div>
        </div>
      </div>
      <div
        className="col-md-3"
      >
        <div
          className="sm-st clearfix"
        >
          <span
            className="sm-st-icon st-blue"
          >
            <i
              className="fa fa-dollar"
            />
          </span>
          <div
            className="sm-st-info"
          >
            <span>
              100,320
            </span>
            <div>
              Total Profit
            </div>
          </div>
        </div>
      </div>
      <div
        className="col-md-3"
      >
        <div
          className="sm-st clearfix"
        >
          <span
            className="sm-st-icon st-green"
          >
            <i
              className="fa fa-paperclip"
            />
          </span>
          <div
            className="sm-st-info"
          >
            <span>
              4567
            </span>
            <div>
              Total Documents
            </div>
          </div>
        </div>
      </div>
    </div>
    <div
      className="row"
    >
      <div
        className="col-md-8"
      >
        <section
          className="panel "
        >
          <header
            className="panel-heading"
          >
            Earning Graph
          </header>
          <div
            className="panel-body undefined"
            style={
              Object {
                "backgroundColor": "#FFF",
              }
            }
          >
            <canvas
              height="330"
              id="linechart"
              width="600"
            />
          </div>
        </section>
      </div>
      <div
        className="col-lg-4"
      >
        <section
          className="panel"
        >
          <header
            className="panel-heading"
          >
            Notifications
          </header>
          <div
            className="panel-body notification--body-container"
            id="noti-box"
          >
            <div
              className="alert alert-danger"
            >
              <button
                className="close close-sm"
                data-dismiss="alert"
                type="button"
              >
                <i
                  className="fa fa-times"
                />
              </button>
              <span>
                <strong>
                  Oh snap!
                </strong>
                Change a few things up and try submitting again.
              </span>
            </div>
            <div
              className="alert alert-success"
            >
              <button
                className="close close-sm"
                data-dismiss="alert"
                type="button"
              >
                <i
                  className="fa fa-times"
                />
              </button>
              <span>
                <strong>
                  Well done!
                </strong>
                You successfully read this important alert message.
              </span>
            </div>
            <div
              className="alert alert-info"
            >
              <button
                className="close close-sm"
                data-dismiss="alert"
                type="button"
              >
                <i
                  className="fa fa-times"
                />
              </button>
              <span>
                <strong>
                  Heads up!
                </strong>
                This alert needs your attention, but it's not super important.
              </span>
            </div>
            <div
              className="alert alert-warning"
            >
              <button
                className="close close-sm"
                data-dismiss="alert"
                type="button"
              >
                <i
                  className="fa fa-times"
                />
              </button>
              <span>
                <strong>
                  Warning!
                </strong>
                Best check yo self, you're not looking too good.
              </span>
            </div>
            <div
              className="alert alert-danger"
            >
              <button
                className="close close-sm"
                data-dismiss="alert"
                type="button"
              >
                <i
                  className="fa fa-times"
                />
              </button>
              <span>
                <strong>
                  Oh snap!
                </strong>
                Change a few things up and try submitting again.
              </span>
            </div>
          </div>
        </section>
      </div>
    </div>
    <div
      className="row"
    >
      <div
        className="col-md-8"
      >
        <section
          className="panel"
        >
          <header
            className="panel-heading"
          >
            Work Progress
          </header>
          <div
            className="panel-body table-responsive"
          >
            <table
              className="table table-hover"
            >
              <thead>
                <tr>
                  <td>
                    #
                  </td>
                  <td>
                    Project
                  </td>
                  <td>
                    Manager
                  </td>
                  <td>
                    Deadline
                  </td>
                  <td>
                    Status
                  </td>
                  <td>
                    Progress
                  </td>
                </tr>
              </thead>
              <tbody>
                <tr>
                  <td>
                    1
                  </td>
                  <td>
                    Facebook
                  </td>
                  <td>
                    Mark
                  </td>
                  <td>
                    10/10/2014
                  </td>
                  <td>
                    <span
                      className="label label-danger"
                    >
                      in progress
                    </span>
                  </td>
                  <td>
                    <span
                      className="badge badge-info"
                    >
                      50%
                    </span>
                  </td>
                </tr>
                <tr>
                  <td>
                    2
                  </td>
                  <td>
                    Twitter
                  </td>
                  <td>
                    Evan
                  </td>
                  <td>
                    10/8/2014
                  </td>
                  <td>
                    <span
                      className="label label-success"
                    >
                      completed
                    </span>
                  </td>
                  <td>
                    <span
                      className="badge badge-success"
                    >
                      100%
                    </span>
                  </td>
                </tr>
                <tr>
                  <td>
                    3
                  </td>
                  <td>
                    Google
                  </td>
                  <td>
                    Larry
                  </td>
                  <td>
                    10/12/2014
                  </td>
                  <td>
                    <span
                      className="label label-warning"
                    >
                      in progress
                    </span>
                  </td>
                  <td>
                    <span
                      className="badge badge-warning"
                    >
                      75%
                    </span>
                  </td>
                </tr>
                <tr>
                  <td>
                    4
                  </td>
                  <td>
                    LinkedIn
                  </td>
                  <td>
                    Allen
                  </td>
                  <td>
                    10/01/2015
                  </td>
                  <td>
                    <span
                      className="label label-info"
                    >
                      in progress
                    </span>
                  </td>
                  <td>
                    <span
                      className="badge badge-info"
                    >
                      65%
                    </span>
                  </td>
                </tr>
                <tr>
                  <td>
                    5
                  </td>
                  <td>
                    Tumblr
                  </td>
                  <td>
                    David
                  </td>
                  <td>
                    01/11/2014
                  </td>
                  <td>
                    <span
                      className="label label-warning"
                    >
                      in progress
                    </span>
                  </td>
                  <td>
                    <span
                      className="badge badge-danger"
                    >
                      95%
                    </span>
                  </td>
                </tr>
                <tr>
                  <td>
                    6
                  </td>
                  <td>
                    Tesla
                  </td>
                  <td>
                    Musk
                  </td>
                  <td>
                    01/11/2014
                  </td>
                  <td>
                    <span
                      className="label label-info"
                    >
                      in progress
                    </span>
                  </td>
                  <td>
                    <span
                      className="badge badge-success"
                    >
                      95%
                    </span>
                  </td>
                </tr>
                <tr>
                  <td>
                    7
                  </td>
                  <td>
                    Ghost
                  </td>
                  <td>
                    XXX
                  </td>
                  <td>
                    01/11/2014
                  </td>
                  <td>
                    <span
                      className="label label-info"
                    >
                      in progress
                    </span>
                  </td>
                  <td>
                    <span
                      className="badge badge-success"
                    >
                      95%
                    </span>
                  </td>
                </tr>
              </tbody>
            </table>
          </div>
        </section>
      </div>
      <div
        className="col-md-4"
      >
        <section
          className="panel "
        >
          <header
            className="panel-heading"
          >
            Twitter Feed
          </header>
          <div
            className="panel-body undefined"
            style={
              Object {
                "backgroundColor": "#FFF",
              }
            }
          >
            <div
              className="twt-area"
            >
              <form
                action="#"
                method="post"
              >
                <textarea
                  className="form-control"
                  name="profile-tweet"
                  placeholder="Share something on Twitter.."
                  rows="3"
                />
                <div
                  className="clearfix"
                >
                  <button
                    className="btn btn-sm btn-primary pull-right"
                    type="submit"
                  >
                    <i
                      className="fa fa-twitter"
                    />
                    Tweet
                  </button>
                  <a
                    className="btn btn-link btn-icon fa fa-location-arrow"
                    data-original-title="Add Location"
                    data-placement="bottom"
                    data-toggle="tooltip"
                    href="#"
                    style={
                      Object {
                        "textDecoration": "none",
                      }
                    }
                    title=""
                  />
                  <a
                    className="btn btn-link btn-icon fa fa-camera"
                    data-original-title="Add Photo"
                    data-placement="bottom"
                    data-toggle="tooltip"
                    href="#"
                    style={
                      Object {
                        "textDecoration": "none",
                      }
                    }
                    title=""
                  />
                </div>
              </form>
            </div>
            <ul
              className="media-list"
            >
              <li
                className="media"
              >
                <a
                  className="pull-left"
                  href="#"
                >
                  <img
                    alt="Avatar"
                    className="img-circle"
                    height="64"
                    src="test-file-stub"
                    width="64"
                  />
                </a>
                <div
                  className="media-body"
                >
                  <span
                    className="text-muted pull-right"
                  >
                    <small>
                      <em>
                        30 min ago
                      </em>
                    </small>
                  </span>
                  <a
                    href="#"
                  >
                    <strong>
                      Emmet
                    </strong>
                  </a>
                  <p>
                    In hac
                    <a
                      href="#"
                    >
                      habitasse
                    </a>
                    platea dictumst. Proin ac nibh rutrum lectus rhoncus eleifend.
                    <a
                      className="text-danger"
                      href="#"
                    >
                      <strong>
                        #dev
                      </strong>
                    </a>
                  </p>
                </div>
              </li>
              <li
                className="media"
              >
                <a
                  className="pull-left"
                  href="#"
                >
                  <img
                    alt="Avatar"
                    className="img-circle"
                    height="64"
                    src="test-file-stub"
                    width="64"
                  />
                </a>
                <div
                  className="media-body"
                >
                  <span
                    className="text-muted pull-right"
                  >
                    <small>
                      <em>
                        35 min ago
                      </em>
                    </small>
                  </span>
                  <a
                    href="#"
                  >
                    <strong>
                      Jannie
                    </strong>
                  </a>
                  <p>
                    In hac
                    <a
                      href="#"
                    >
                      habitasse
                    </a>
                    platea dictumst. Proin ac nibh rutrum lectus rhoncus eleifend.
                    <a
                      className="text-danger"
                      href="#"
                    >
                      <strong>
                        #dev
                      </strong>
                    </a>
                  </p>
                </div>
              </li>
            </ul>
          </div>
        </section>
      </div>
    </div>
    <div
      className="row"
    >
      <div
        className="col-md-5"
      >
        <section
          className="panel "
        >
          <header
            className="panel-heading"
          >
            Teammates
          </header>
          <div
            className="panel-body undefined"
            style={
              Object {
                "backgroundColor": "#FFF",
              }
            }
          >
            <ul
              className="list-group teammates"
            />
            <div
              className="panel-footer bg-white"
            >
              <button
                className="btn btn-primary btn-addon btn-sm"
                onClick={undefined}
              >
                <i
                  className="fa fa-plus"
                />
                Add Teammate
              </button>
            </div>
          </div>
        </section>
      </div>
      <div
        className="col-md-7"
      >
        <section
          className="panel tasks-widget"
        >
          <header
            className="panel-heading"
          >
            Todo list
          </header>
          <div
            className="panel-body undefined"
            style={
              Object {
                "backgroundColor": "#FFF",
              }
            }
          >
            <div
              className="task-content"
            >
              <ul
                className="task-list"
              >
                <li>
                  <div
                    className="task-checkbox"
                  >
                    <input
                      checked={false}
                      className="flat-grey list-child"
                      type="checkbox"
                    />
                  </div>
                  <div
                    className="task-title"
                  >
                    <span
                      className="task-title-sp"
                    >
                      Director is Modern Dashboard
                    </span>
                    <span
                      className="label label-success"
                    >
                      2 days
                    </span>
                    <div
                      className="pull-right hidden-phone"
                    >
                      <button
                        className="btn btn-default btn-xs"
                        onClick={[Function]}
                      >
                        <i
                          className="fa fa-pencil"
                        />
                      </button>
                    </div>
                  </div>
                </li>
                <li>
                  <div
                    className="task-checkbox"
                  >
                    <input
                      checked={false}
                      className="flat-grey list-child"
                      type="checkbox"
                    />
                  </div>
                  <div
                    className="task-title"
                  >
                    <span
                      className="task-title-sp"
                    >
                      Fully Responsive & Bootstrap 3.0.2 Compatible
                    </span>
                    <span
                      className="label label-danger"
                    >
                      Done
                    </span>
                    <div
                      className="pull-right hidden-phone"
                    >
                      <button
                        className="btn btn-default btn-xs"
                        onClick={[Function]}
                      >
                        <i
                          className="fa fa-pencil"
                        />
                      </button>
                    </div>
                  </div>
                </li>
                <li>
                  <div
                    className="task-checkbox"
                  >
                    <input
                      checked={false}
                      className="flat-grey list-child"
                      type="checkbox"
                    />
                  </div>
                  <div
                    className="task-title"
                  >
                    <span
                      className="task-title-sp"
                    >
                      Latest Design Concept
                    </span>
                    <span
                      className="label label-warning"
                    >
                      Company
                    </span>
                    <div
                      className="pull-right hidden-phone"
                    >
                      <button
                        className="btn btn-default btn-xs"
                        onClick={[Function]}
                      >
                        <i
                          className="fa fa-pencil"
                        />
                      </button>
                    </div>
                  </div>
                </li>
                <li>
                  <div
                    className="task-checkbox"
                  >
                    <input
                      checked={false}
                      className="flat-grey list-child"
                      type="checkbox"
                    />
                  </div>
                  <div
                    className="task-title"
                  >
                    <span
                      className="task-title-sp"
                    >
                      Write well documentation for this theme
                    </span>
                    <span
                      className="label label-primary"
                    >
                      3 Days
                    </span>
                    <div
                      className="pull-right hidden-phone"
                    >
                      <button
                        className="btn btn-default btn-xs"
                        onClick={[Function]}
                      >
                        <i
                          className="fa fa-pencil"
                        />
                      </button>
                    </div>
                  </div>
                </li>
                <li>
                  <div
                    className="task-checkbox"
                  >
                    <input
                      checked={false}
                      className="flat-grey list-child"
                      type="checkbox"
                    />
                  </div>
                  <div
                    className="task-title"
                  >
                    <span
                      className="task-title-sp"
                    >
                      Don't bother to download this Dashbord
                    </span>
                    <span
                      className="label label-inverse"
                    >
                      Now
                    </span>
                    <div
                      className="pull-right hidden-phone"
                    >
                      <button
                        className="btn btn-default btn-xs"
                        onClick={[Function]}
                      >
                        <i
                          className="fa fa-pencil"
                        />
                      </button>
                    </div>
                  </div>
                </li>
                <li>
                  <div
                    className="task-checkbox"
                  >
                    <input
                      checked={false}
                      className="flat-grey list-child"
                      type="checkbox"
                    />
                  </div>
                  <div
                    className="task-title"
                  >
                    <span
                      className="task-title-sp"
                    >
                      Give feedback for the template
                    </span>
                    <span
                      className="label label-success"
                    >
                      2 Days
                    </span>
                    <div
                      className="pull-right hidden-phone"
                    >
                      <button
                        className="btn btn-default btn-xs"
                        onClick={[Function]}
                      >
                        <i
                          className="fa fa-pencil"
                        />
                      </button>
                    </div>
                  </div>
                </li>
                <li>
                  <div
                    className="task-checkbox"
                  >
                    <input
                      checked={false}
                      className="flat-grey list-child"
                      type="checkbox"
                    />
                  </div>
                  <div
                    className="task-title"
                  >
                    <span
                      className="task-title-sp"
                    >
                      Tell your friends about this admin template
                    </span>
                    <span
                      className="label label-danger"
                    >
                      Now
                    </span>
                    <div
                      className="pull-right hidden-phone"
                    >
                      <button
                        className="btn btn-default btn-xs"
                        onClick={[Function]}
                      >
                        <i
                          className="fa fa-pencil"
                        />
                      </button>
                    </div>
                  </div>
                </li>
              </ul>
            </div>
            <div
              className=" add-task-row"
            >
              <a
                className="btn btn-success btn-sm pull-left"
                href="#"
              >
                Add New Tasks
              </a>
              <a
                className="btn btn-default btn-sm pull-right"
                href="#"
              >
                See All Tasks
              </a>
            </div>
          </div>
        </section>
      </div>
    </div>
  </section>
</div>
`;
