// Jest Snapshot v1, https://goo.gl/fbAQLP

exports[`MessageMenu component renders as expected 1`] = `
<div>
  <li
    className="dropdown messages-menu"
  >
    <a
      className="dropdown-toggle"
      data-toggle="dropdown"
      href="#"
    >
      <i
        className="fa fa-envelope"
      />
      <span
        className="label label-success"
      >
        4
      </span>
    </a>
    <ul
      className="dropdown-menu"
    >
      <li
        className="header"
      >
        You have 4 messages
      </li>
      <li>
        <ul
          className="menu"
        >
          <li>
            <a
              href="#"
            >
              <div
                className="pull-left"
              >
                <img
                  alt="User Image"
                  className="img-circle"
                  src={
                    Object {
                      "default": "test-file-stub",
                    }
                  }
                />
              </div>
              <h4>
                Support Team
              </h4>
              <p>
                Why not buy a new awesome theme?
              </p>
              <small
                className="pull-right"
              >
                <i
                  className="fa fa-clock-o"
                />
                5 mins
              </small>
            </a>
          </li>
          <li>
            <a
              href="#"
            >
              <div
                className="pull-left"
              >
                <img
                  alt="user image"
                  className="img-circle"
                  src={
                    Object {
                      "default": "test-file-stub",
                    }
                  }
                />
              </div>
              <h4>
                Director Design Team
              </h4>
              <p>
                Why not buy a new awesome theme?
              </p>
              <small
                className="pull-right"
              >
                <i
                  className="fa fa-clock-o"
                />
                2 hours
              </small>
            </a>
          </li>
          <li>
            <a
              href="#"
            >
              <div
                className="pull-left"
              >
                <img
                  alt="user image"
                  className="img-circle"
                  src={
                    Object {
                      "default": "test-file-stub",
                    }
                  }
                />
              </div>
              <h4>
                Developers
              </h4>
              <p>
                Why not buy a new awesome theme?
              </p>
              <small
                className="pull-right"
              >
                <i
                  className="fa fa-clock-o"
                />
                Today
              </small>
            </a>
          </li>
          <li>
            <a
              href="#"
            >
              <div
                className="pull-left"
              >
                <img
                  alt="user image"
                  className="img-circle"
                  src={
                    Object {
                      "default": "test-file-stub",
                    }
                  }
                />
              </div>
              <h4>
                Sales Department
              </h4>
              <p>
                Why not buy a new awesome theme?
              </p>
              <small
                className="pull-right"
              >
                <i
                  className="fa fa-clock-o"
                />
                Yesterday
              </small>
            </a>
          </li>
          <li>
            <a
              href="#"
            >
              <div
                className="pull-left"
              >
                <img
                  alt="user image"
                  className="img-circle"
                  src={
                    Object {
                      "default": "test-file-stub",
                    }
                  }
                />
              </div>
              <h4>
                Reviewers
              </h4>
              <p>
                Why not buy a new awesome theme?
              </p>
              <small
                className="pull-right"
              >
                <i
                  className="fa fa-clock-o"
                />
                2 days
              </small>
            </a>
          </li>
        </ul>
      </li>
      <li
        className="footer"
      >
        <a
          href="#"
        >
          See All Messages
        </a>
      </li>
    </ul>
  </li>
</div>
`;
