// Jest Snapshot v1, https://goo.gl/fbAQLP

exports[`Notifications component renders as expected 1`] = `
<div>
  <section
    className="panel"
  >
    <header
      className="panel-heading"
    >
      Notifications
    </header>
    <div
      className="panel-body notification--body-container"
      id="noti-box"
    >
      <div
        className="alert alert-danger"
      >
        <button
          className="close close-sm"
          data-dismiss="alert"
          type="button"
        >
          <i
            className="fa fa-times"
          />
        </button>
        <span>
          <strong>
            Oh snap!
          </strong>
          Change a few things up and try submitting again.
        </span>
      </div>
      <div
        className="alert alert-success"
      >
        <button
          className="close close-sm"
          data-dismiss="alert"
          type="button"
        >
          <i
            className="fa fa-times"
          />
        </button>
        <span>
          <strong>
            Well done!
          </strong>
          You successfully read this important alert message.
        </span>
      </div>
      <div
        className="alert alert-info"
      >
        <button
          className="close close-sm"
          data-dismiss="alert"
          type="button"
        >
          <i
            className="fa fa-times"
          />
        </button>
        <span>
          <strong>
            Heads up!
          </strong>
          This alert needs your attention, but it's not super important.
        </span>
      </div>
      <div
        className="alert alert-warning"
      >
        <button
          className="close close-sm"
          data-dismiss="alert"
          type="button"
        >
          <i
            className="fa fa-times"
          />
        </button>
        <span>
          <strong>
            Warning!
          </strong>
          Best check yo self, you're not looking too good.
        </span>
      </div>
      <div
        className="alert alert-danger"
      >
        <button
          className="close close-sm"
          data-dismiss="alert"
          type="button"
        >
          <i
            className="fa fa-times"
          />
        </button>
        <span>
          <strong>
            Oh snap!
          </strong>
          Change a few things up and try submitting again.
        </span>
      </div>
    </div>
  </section>
</div>
`;
