// Jest Snapshot v1, https://goo.gl/fbAQLP

exports[`Menu component renders as expected 1`] = `
<div>
  <ul
    className="list-inline sidebar-menu__group-container"
    onClick={[Function]}
  >
    <li
      style={
        Object {
          "backgroundColor": "#F1F2F3",
          "width": "100%",
        }
      }
    >
      <a
        className="btn"
        style={
          Object {
            "paddinLeft": "0px !important",
            "width": "100%",
          }
        }
      >
        <span
          className="pull-left sidebar-menu__group-title"
        >
          header title
        </span>
        <i
          aria-hidden="true"
          className="fa fa-angle-up fa-1x pull-right"
          style={
            Object {
              "WebkitTransform": "rotate(180deg)",
              "transform": "rotate(180deg)",
            }
          }
        />
      </a>
    </li>
  </ul>
  <div
    style={
      Object {
        "height": "auto",
      }
    }
  >
    <div>
      <ul
        className="sidebar-menu sidebar-menu__marginTop"
      >
        <li
          className="active"
        >
          <a
            onClick={[Function]}
            style={Object {}}
          >
            <i
              className="fa fa-eye"
              style={
                Object {
                  "marginLeft": "10px",
                }
              }
            />
            <span
              style={
                Object {
                  "fontSize": "13px",
                }
              }
            >
              Dashboard preview
            </span>
          </a>
        </li>
        <li
          className=""
        >
          <a
            onClick={[Function]}
            style={Object {}}
          >
            <i
              className="fa fa-check-square-o"
              style={
                Object {
                  "marginLeft": "10px",
                }
              }
            />
            <span
              style={
                Object {
                  "fontSize": "13px",
                }
              }
            >
              StatsCard
            </span>
          </a>
        </li>
        <li
          className=""
        >
          <a
            onClick={[Function]}
            style={Object {}}
          >
            <i
              className="fa fa-area-chart"
              style={
                Object {
                  "marginLeft": "10px",
                }
              }
            />
            <span
              style={
                Object {
                  "fontSize": "13px",
                }
              }
            >
              EarningGraph
            </span>
          </a>
        </li>
        <li
          className=""
        >
          <a
            onClick={[Function]}
            style={Object {}}
          >
            <i
              className="fa fa-bell"
              style={
                Object {
                  "marginLeft": "10px",
                }
              }
            />
            <span
              style={
                Object {
                  "fontSize": "13px",
                }
              }
            >
              Notifications
            </span>
          </a>
        </li>
        <li
          className=""
        >
          <a
            onClick={[Function]}
            style={Object {}}
          >
            <i
              className="fa fa-briefcase"
              style={
                Object {
                  "marginLeft": "10px",
                }
              }
            />
            <span
              style={
                Object {
                  "fontSize": "13px",
                }
              }
            >
              Work progress
            </span>
          </a>
        </li>
        <li
          className=""
        >
          <a
            onClick={[Function]}
            style={Object {}}
          >
            <i
              className="fa fa-twitter"
              style={
                Object {
                  "marginLeft": "10px",
                }
              }
            />
            <span
              style={
                Object {
                  "fontSize": "13px",
                }
              }
            >
              Twitter feed
            </span>
          </a>
        </li>
        <li
          className=""
        >
          <a
            onClick={[Function]}
            style={Object {}}
          >
            <i
              className="fa fa-user"
              style={
                Object {
                  "marginLeft": "10px",
                }
              }
            />
            <span
              style={
                Object {
                  "fontSize": "13px",
                }
              }
            >
              Team Mates
            </span>
          </a>
        </li>
        <li
          className=""
        >
          <a
            onClick={[Function]}
            style={Object {}}
          >
            <i
              className="fa fa-check"
              style={
                Object {
                  "marginLeft": "10px",
                }
              }
            />
            <span
              style={
                Object {
                  "fontSize": "13px",
                }
              }
            >
              Todo list
            </span>
          </a>
        </li>
      </ul>
    </div>
  </div>
</div>
`;
