// Jest Snapshot v1, https://goo.gl/fbAQLP

exports[`Pagination component renders as expected 1`] = `
<div>
  <ul
    className="pagination"
  >
    <li>
      <a
        href="#"
      >
        «
      </a>
    </li>
    <li>
      <a
        href="#"
      >
        1
      </a>
    </li>
    <li>
      <a
        href="#"
      >
        2
      </a>
    </li>
    <li>
      <a
        href="#"
      >
        3
      </a>
    </li>
    <li>
      <a
        href="#"
      >
        4
      </a>
    </li>
    <li>
      <a
        href="#"
      >
        5
      </a>
    </li>
    <li>
      <a
        href="#"
      >
        »
      </a>
    </li>
  </ul>
</div>
`;
