// Jest Snapshot v1, https://goo.gl/fbAQLP

exports[`Pagination view renders as expected 1`] = `
<div>
  <section
    className="content view-enter"
  >
    <div
      className="row"
    >
      <div
        className="col-xs-12"
      >
        <section
          className="panel "
        >
          <header
            className="panel-heading"
          >
            Pagination
          </header>
          <div
            className="panel-body undefined"
            style={
              Object {
                "backgroundColor": "#FFF",
              }
            }
          >
            <div
              className="text-center"
            >
              <ul
                className="pagination pagination-lg"
              >
                <li>
                  <a
                    href="#"
                  >
                    «
                  </a>
                </li>
                <li>
                  <a
                    href="#"
                  >
                    1
                  </a>
                </li>
                <li>
                  <a
                    href="#"
                  >
                    2
                  </a>
                </li>
                <li>
                  <a
                    href="#"
                  >
                    3
                  </a>
                </li>
                <li>
                  <a
                    href="#"
                  >
                    4
                  </a>
                </li>
                <li>
                  <a
                    href="#"
                  >
                    5
                  </a>
                </li>
                <li>
                  <a
                    href="#"
                  >
                    »
                  </a>
                </li>
              </ul>
            </div>
            <div
              className="text-center"
            >
              <ul
                className="pagination"
              >
                <li>
                  <a
                    href="#"
                  >
                    «
                  </a>
                </li>
                <li>
                  <a
                    href="#"
                  >
                    1
                  </a>
                </li>
                <li>
                  <a
                    href="#"
                  >
                    2
                  </a>
                </li>
                <li>
                  <a
                    href="#"
                  >
                    3
                  </a>
                </li>
                <li>
                  <a
                    href="#"
                  >
                    4
                  </a>
                </li>
                <li>
                  <a
                    href="#"
                  >
                    5
                  </a>
                </li>
                <li>
                  <a
                    href="#"
                  >
                    »
                  </a>
                </li>
              </ul>
            </div>
            <div
              className="text-center"
            >
              <ul
                className="pagination pagination-sm"
              >
                <li>
                  <a
                    href="#"
                  >
                    «
                  </a>
                </li>
                <li>
                  <a
                    href="#"
                  >
                    1
                  </a>
                </li>
                <li>
                  <a
                    href="#"
                  >
                    2
                  </a>
                </li>
                <li>
                  <a
                    href="#"
                  >
                    3
                  </a>
                </li>
                <li>
                  <a
                    href="#"
                  >
                    4
                  </a>
                </li>
                <li>
                  <a
                    href="#"
                  >
                    5
                  </a>
                </li>
                <li>
                  <a
                    href="#"
                  >
                    »
                  </a>
                </li>
              </ul>
            </div>
            <div>
              <h3>
                Default Example
              </h3>
              <nav>
                <ul
                  className="pager"
                >
                  <li
                    className=""
                  >
                    <a
                      href="#"
                    >
                      Previous
                    </a>
                  </li>
                  <li
                    className=""
                  >
                    <a
                      href="#"
                    >
                      Next
                    </a>
                  </li>
                </ul>
              </nav>
            </div>
            <div>
              <h3>
                Aligned links
              </h3>
              <nav>
                <ul
                  className="pager"
                >
                  <li
                    className="previous"
                  >
                    <a
                      href="#"
                    >
                      <div>
                        <span
                          aria-hidden="true"
                        >
                          ←
                        </span>
                        Older
                      </div>
                    </a>
                  </li>
                  <li
                    className="next"
                  >
                    <a
                      href="#"
                    >
                      <div>
                        Newer
                        <span
                          aria-hidden="true"
                        >
                          →
                        </span>
                      </div>
                    </a>
                  </li>
                </ul>
              </nav>
            </div>
          </div>
        </section>
      </div>
    </div>
    <div
      className="row"
    >
      <div
        className="col-xs-12"
      >
        <section
          className="panel "
        >
          <header
            className="panel-heading"
          >
            Source
          </header>
          <div
            className="panel-body undefined"
            style={
              Object {
                "backgroundColor": "#FFF",
              }
            }
          />
        </section>
      </div>
    </div>
  </section>
</div>
`;
